../Core/Src/main.c:100:6:CAN_Config_And_Start	1
../Core/Src/main.c:144:6:map	1
../Core/Src/main.c:196:9:TP_Read_XY	5
../Core/Src/main.c:251:5:main	1
../Core/Src/main.c:345:6:SystemClock_Config	3
../Core/Src/main.c:391:13:MX_ADC1_Init	3
../Core/Src/main.c:443:13:MX_CAN1_Init	2
../Core/Src/main.c:480:13:MX_CAN2_Init	2
../Core/Src/main.c:517:13:MX_SPI1_Init	2
../Core/Src/main.c:555:13:MX_GPIO_Init	1
../Core/Src/main.c:629:6:StartDefaultTask	2
../Core/Src/main.c:681:6:StartTask02	2
../Core/Src/main.c:723:6:StartTask03	14
../Core/Src/main.c:894:6:HAL_TIM_PeriodElapsedCallback	2
../Core/Src/main.c:912:6:Error_Handler	1
