../Core/Src/main.c:100:6:CAN_Config_And_Start	56	static
../Core/Src/main.c:144:6:map	24	static
../Core/Src/main.c:196:9:TP_Read_XY	48	static
../Core/Src/main.c:251:5:main	8	static
../Core/Src/main.c:345:6:SystemClock_Config	88	static
../Core/Src/main.c:391:13:MX_ADC1_Init	24	static
../Core/Src/main.c:443:13:MX_CAN1_Init	8	static
../Core/Src/main.c:480:13:MX_CAN2_Init	8	static
../Core/Src/main.c:517:13:MX_SPI1_Init	8	static
../Core/Src/main.c:555:13:MX_GPIO_Init	40	static
../Core/Src/main.c:629:6:StartDefaultTask	56	static
../Core/Src/main.c:681:6:StartTask02	32	static
../Core/Src/main.c:723:6:StartTask03	176	static
../Core/Src/main.c:894:6:HAL_TIM_PeriodElapsedCallback	16	static
../Core/Src/main.c:912:6:Error_Handler	4	static,ignoring_inline_asm
